Microchip MPLAB XC8 Compiler V2.35

Linker command line:

-W-3 --edf=/opt/microchip/xc8/v2.35/pic/dat/en_msgs.txt -cn \
  -h+dist/default/production/Lab08.X.production.sym \
  --cmf=dist/default/production/Lab08.X.production.cmf -z -Q16F887 \
  -o/tmp/xcXcnniDM --defsym=__MPLAB_BUILD=1 \
  -Mdist/default/production/Lab08.X.production.map --md=/tmp/xcXGhiPPK.dat \
  -E1 -ver=XC8 Compiler --acfsm=1493 -ACODE=00h-07FFhx4 \
  -ASTRCODE=00h-01FFFh -ASTRING=00h-0FFhx32 -ACONST=00h-0FFhx32 \
  -AENTRY=00h-0FFhx32 -ACOMMON=070h-07Fh -ABANK0=020h-06Fh \
  -ABANK1=0A0h-0EFh -ABANK2=0110h-016Fh -ABANK3=0190h-01EFh \
  -ARAM=020h-06Fh,0A0h-0EFh,0110h-016Fh,0190h-01EFh \
  -AABS1=020h-07Fh,0A0h-0EFh,0110h-016Fh,0190h-01EFh -ASFR0=00h-01Fh \
  -ASFR1=080h-09Fh -ASFR2=0100h-010Fh -ASFR3=0180h-018Fh \
  -ACONFIG=02007h-02008h -DCONFIG=2 -AIDLOC=02000h-02003h -DIDLOC=2 \
  -AEEDATA=00h-0FFh/02100h -peeprom_data=EEDATA -DEEDATA=2 -DCODE=2 \
  -DSTRCODE=2 -DSTRING=2 -DCONST=2 -DENTRY=2 \
  -preset_vec=00h,intentry=04h,init,end_init -ppowerup=CODE -pcinit=CODE \
  -pfunctab=ENTRY -k /tmp/xcXiIfdNa.o \
  dist/default/production/Lab08.X.production.o 

Object code version is 3.11

Machine type is 16F887



                Name                               Link     Load   Length Selector   Space Scale
/tmp/xcXiIfdNa.o
                end_init                             12       12        3        8       0
                reset_vec                             0        0        3        0       0
                config                             2007     2007        2        0       4
                idloc                              2000     2000        4        0       5
dist/default/production/Lab08.X.production.o
                cinit                                15       15        D        8       0
                intentry                              4        4        E        8       0
                config                             2007     2007        2        0       4
                idloc                              2000     2000        4        0       5
                text11                              609      609       67        8       0
                text10                              777      777       27        8       0
                text9                                22       22      361        8       0
                text8                               58D      58D       7C        8       0
                text7                               79E      79E       25        8       0
                text6                               4D3      4D3       BA        8       0
                text5                               670      670       59        8       0
                text4                               7CB      7CB        5        8       0
                text3                               70C      70C       36        8       0
                text2                               383      383      150        8       0
                text1                               742      742       35        8       0
                maintext                            6C9      6C9       43        8       0
                cstackBANK0                          20       20       31       20       1
                cstackCOMMON                         70       70        E       70       1
                cstackBANK1                          A0       A0        1       A0       1
                clrtext                             7C3      7C3        8        8       0
                bssBANK0                             51       51       10       20       1

TOTAL           Name                               Link     Load   Length     Space
        CLASS   CODE           
                end_init                             12       12        3         0
                cinit                                15       15        D         0
                intentry                              4        4        E         0
                reset_vec                             0        0        3         0
                text11                              609      609       67         0
                text10                              777      777       27         0
                text9                                22       22      361         0
                text8                               58D      58D       7C         0
                text7                               79E      79E       25         0
                text6                               4D3      4D3       BA         0
                text5                               670      670       59         0
                text4                               7CB      7CB        5         0
                text3                               70C      70C       36         0
                text2                               383      383      150         0
                text1                               742      742       35         0
                maintext                            6C9      6C9       43         0
                clrtext                             7C3      7C3        8         0

        CLASS   STRCODE        

        CLASS   STRING         

        CLASS   CONST          

        CLASS   ENTRY          

        CLASS   COMMON         
                cstackCOMMON                         70       70        E         1

        CLASS   BANK0          
                cstackBANK0                          20       20       31         1
                bssBANK0                             51       51       10         1

        CLASS   BANK1          
                cstackBANK1                          A0       A0        1         1

        CLASS   BANK2          

        CLASS   BANK3          

        CLASS   RAM            

        CLASS   ABS1           
                abs_s1                               7E       7E        2         1

        CLASS   SFR0           

        CLASS   SFR1           

        CLASS   SFR2           

        CLASS   SFR3           

        CLASS   CONFIG         
                config                             2007     2007        2         4

        CLASS   IDLOC          
                idloc                              2000     2000        4         5

        CLASS   EEDATA         

        CLASS   STACK          



SEGMENTS        Name                           Load    Length   Top    Selector   Space  Class     Delta

                cstackBANK0                    000020  000041  000061        20       1  BANK0       1
                reset_vec                      000000  000003  000003         0       0  CODE        2
                cstackBANK1                    0000A0  000001  0000A1        A0       1  BANK1       1
                cstackCOMMON                   000070  00000E  00007E        70       1  COMMON      1
                intentry                       000004  0007CC  0007D0         8       0  CODE        2


UNUSED ADDRESS RANGES

        Name                Unused          Largest block    Delta
        BANK0            0061-006F              F           1
        BANK1            00A1-00EF             4F           1
        BANK2            0110-016F             60           1
        BANK3            0190-01EF             60           1
        CODE             0003-0003              1           2
                         07D0-1FFF            800
        CONST            0003-0003              1           2
                         07D0-1FFF            100
        EEDATA           2100-21FF            100           2
        ENTRY            0003-0003              1           2
                         07D0-1FFF            100
        RAM              0061-006F              F           1
                         00A1-00EF             4F
                         0110-016F             60
                         0190-01EF             60
        SFR0             0000-001F             20           1
        SFR1             0080-009F             20           1
        SFR2             0100-010F             10           1
        SFR3             0180-018F             10           1
        STRCODE          0003-0003              1           2
                         07D0-1FFF           1830
        STRING           0003-0003              1           2
                         07D0-1FFF            100

                                  Symbol Table

?__Umul8_16                 cstackCOMMON 0070
?___awdiv                   cstackCOMMON 0070
?___flmul                   cstackBANK0  0020
?___fltol                   cstackBANK0  003A
?___wmul                    cstackCOMMON 0070
?___xxtofl                  cstackCOMMON 0070
_ADCON0bits                 (abs)        001F
_ADCON1bits                 (abs)        009F
_ADRESH                     (abs)        001E
_ANSEL                      (abs)        0188
_ANSELH                     (abs)        0189
_INTCONbits                 (abs)        000B
_OPTION_REGbits             (abs)        0081
_OSCCONbits                 (abs)        008F
_PIE1bits                   (abs)        008C
_PIR1bits                   (abs)        000C
_PORTA                      (abs)        0005
_PORTB                      (abs)        0006
_PORTC                      (abs)        0007
_PORTD                      (abs)        0008
_TMR0                       (abs)        0001
_TRISA                      (abs)        0085
_TRISB                      (abs)        0086
_TRISC                      (abs)        0087
_TRISD                      (abs)        0088
__Habs1                     abs1         0000
__Hbank0                    bank0        0000
__Hbank1                    bank1        0000
__Hbank2                    bank2        0000
__Hbank3                    bank3        0000
__HbssBANK0                 bssBANK0     0000
__Hcinit                    cinit        0022
__Hclrtext                  clrtext      0000
__Hcode                     code         0000
__Hcommon                   common       0000
__Hconfig                   config       2009
__HcstackBANK0              cstackBANK0  0000
__HcstackBANK1              cstackBANK1  0000
__HcstackCOMMON             cstackCOMMON 0000
__Heeprom_data              eeprom_data  0000
__Hend_init                 end_init     0015
__Hfunctab                  functab      0000
__Hidloc                    idloc        2004
__Hinit                     init         0012
__Hintentry                 intentry     0012
__Hmaintext                 maintext     0000
__Hpowerup                  powerup      0000
__Hram                      ram          0000
__Hreset_vec                reset_vec    0003
__Hsfr0                     sfr0         0000
__Hsfr1                     sfr1         0000
__Hsfr2                     sfr2         0000
__Hsfr3                     sfr3         0000
__Hspace_0                  (abs)        07D0
__Hspace_1                  (abs)        00A1
__Hspace_2                  (abs)        0000
__Hspace_3                  (abs)        0000
__Hspace_4                  (abs)        4010
__Hstack                    stack        0000
__Hstrings                  strings      0000
__Htext                     text         0000
__Labs1                     abs1         0000
__Lbank0                    bank0        0000
__Lbank1                    bank1        0000
__Lbank2                    bank2        0000
__Lbank3                    bank3        0000
__LbssBANK0                 bssBANK0     0000
__Lcinit                    cinit        0015
__Lclrtext                  clrtext      0000
__Lcode                     code         0000
__Lcommon                   common       0000
__Lconfig                   config       0000
__LcstackBANK0              cstackBANK0  0000
__LcstackBANK1              cstackBANK1  0000
__LcstackCOMMON             cstackCOMMON 0000
__Leeprom_data              eeprom_data  0000
__Lend_init                 end_init     0012
__Lfunctab                  functab      0000
__Lidloc                    idloc        0000
__Linit                     init         0012
__Lintentry                 intentry     0004
__Lmaintext                 maintext     0000
__Lpowerup                  powerup      0000
__Lram                      ram          0000
__Lreset_vec                reset_vec    0000
__Lsfr0                     sfr0         0000
__Lsfr1                     sfr1         0000
__Lsfr2                     sfr2         0000
__Lsfr3                     sfr3         0000
__Lspace_0                  (abs)        0000
__Lspace_1                  (abs)        0000
__Lspace_2                  (abs)        0000
__Lspace_3                  (abs)        0000
__Lspace_4                  (abs)        0000
__Lstack                    stack        0000
__Lstrings                  strings      0000
__Ltext                     text         0000
__S0                        (abs)        07D0
__S1                        (abs)        00A1
__S3                        (abs)        0000
__Umul8_16                  text10       0777
__Umul8_16@multiplicand     cstackCOMMON 0070
__Umul8_16@multiplier       cstackCOMMON 0078
__Umul8_16@product          cstackCOMMON 0074
__Umul8_16@word_mpld        cstackCOMMON 0076
___awdiv                    text11       0609
___awdiv@counter            cstackCOMMON 0075
___awdiv@dividend           cstackCOMMON 0072
___awdiv@divisor            cstackCOMMON 0070
___awdiv@quotient           cstackCOMMON 0077
___awdiv@sign               cstackCOMMON 0076
___flmul                    text9        0022
___flmul@a                  cstackBANK0  0024
___flmul@aexp               cstackBANK0  0032
___flmul@b                  cstackBANK0  0020
___flmul@bexp               cstackBANK0  0033
___flmul@grs                cstackBANK0  002E
___flmul@prod               cstackBANK0  0034
___flmul@sign               cstackBANK0  002D
___flmul@temp               cstackBANK0  0038
___fltol                    text8        058D
___fltol@exp1               cstackBANK0  0044
___fltol@f1                 cstackBANK0  003A
___fltol@sign1              cstackBANK0  0043
___int_sp                   stack        0000
___latbits                  (abs)        0002
___sp                       stack        0000
___stackhi                  (abs)        0000
___stacklo                  (abs)        0000
___wmul                     text7        079E
___wmul@multiplicand        cstackCOMMON 0072
___wmul@multiplier          cstackCOMMON 0070
___wmul@product             cstackCOMMON 0074
___xxtofl                   text6        04D3
___xxtofl@arg               cstackCOMMON 007A
___xxtofl@exp               cstackCOMMON 0079
___xxtofl@sign              cstackCOMMON 0078
___xxtofl@val               cstackCOMMON 0070
__end_of__Umul8_16          text10       079E
__end_of___awdiv            text11       0670
__end_of___flmul            text9        0383
__end_of___fltol            text8        0609
__end_of___wmul             text7        07C3
__end_of___xxtofl           text6        058D
__end_of__initialization    cinit        001E
__end_of_display_table      text5        06C9
__end_of_isr                text2        04D3
__end_of_main               maintext     070C
__end_of_reset_TMR0         text4        07D0
__end_of_select_display     text3        0742
__end_of_setup              text1        0777
__initialization            cinit        0015
__pbssBANK0                 bssBANK0     0051
__pcstackBANK0              cstackBANK0  0020
__pcstackBANK1              cstackBANK1  00A0
__pcstackCOMMON             cstackCOMMON 0070
__pintentry                 intentry     0004
__pmaintext                 maintext     06C9
__ptext1                    text1        0742
__ptext10                   text10       0777
__ptext11                   text11       0609
__ptext2                    text2        0383
__ptext3                    text3        070C
__ptext4                    text4        07CB
__ptext5                    text5        0670
__ptext6                    text6        04D3
__ptext7                    text7        079E
__ptext8                    text8        058D
__ptext9                    text9        0022
_adc_temp                   bssBANK0     005D
_decimal_counter            bssBANK0     0057
_display_table              text5        0670
_isr                        text2        0383
_isr$893                    cstackBANK0  004D
_main                       maintext     06C9
_reset_TMR0                 text4        07CB
_select_display             text3        070C
_selector                   bssBANK0     005F
_setup                      text1        0742
btemp                       (abs)        007E
clear_ram0                  clrtext      07C3
display_table@decimal_value cstackCOMMON 0070
end_of_initialization       cinit        001E
interrupt_function          intentry     0004
intlevel0                   functab      0000
intlevel1                   functab      0000
intlevel2                   functab      0000
intlevel3                   functab      0000
intlevel4                   functab      0000
intlevel5                   functab      0000
reset_vec                   reset_vec    0000
saved_w                     (abs)        007E
start                       init         0012
start_initialization        cinit        0015
wtemp0                      (abs)        007E


MODULE INFORMATION

Module		Function		Class		Link	Load	Size
/opt/microchip/xc8/v2.35/pic/sources/c90/common/Umul16.c
		___wmul        		CODE           	079E	0000	37

/opt/microchip/xc8/v2.35/pic/sources/c90/common/Umul16.c estimated size: 37

/opt/microchip/xc8/v2.35/pic/sources/c90/common/Umul8_16.c
		__Umul8_16     		CODE           	0777	0000	39

/opt/microchip/xc8/v2.35/pic/sources/c90/common/Umul8_16.c estimated size: 39

/opt/microchip/xc8/v2.35/pic/sources/c90/common/fltol.c
		___fltol       		CODE           	058D	0000	124

/opt/microchip/xc8/v2.35/pic/sources/c90/common/fltol.c estimated size: 124

/opt/microchip/xc8/v2.35/pic/sources/c90/common/sprcmul.c
		___flmul       		CODE           	0022	0000	865

/opt/microchip/xc8/v2.35/pic/sources/c90/common/sprcmul.c estimated size: 865

/opt/microchip/xc8/v2.35/pic/sources/c90/common/awdiv.c
		___awdiv       		CODE           	0609	0000	103

/opt/microchip/xc8/v2.35/pic/sources/c90/common/awdiv.c estimated size: 103

shared
		__initialization		CODE           	0015	0000	9

shared estimated size: 9

/opt/microchip/xc8/v2.35/pic/sources/c90/common/xxtofl.c
		___xxtofl      		CODE           	04D3	0000	186

/opt/microchip/xc8/v2.35/pic/sources/c90/common/xxtofl.c estimated size: 186

main.c
		_main          		CODE           	06C9	0000	67
		_display_table 		CODE           	0670	0000	89
		_select_display		CODE           	070C	0000	54
		_reset_TMR0    		CODE           	07CB	0000	5
		_isr           		CODE           	0383	0000	336
		_setup         		CODE           	0742	0000	53

main.c estimated size: 604

